2025-04-27 19:52:00 | DEBUG | repo=pv243-a4m36jee-2016-infinispan-seminar | action=commit
2025-08-13 20:44:00 | WARN | repo=pv243-a4m36jee-2016-infinispan-seminar | action=commit
2025-05-01 10:44:00 | INFO | repo=pv243-a4m36jee-2016-infinispan-seminar | action=commit
2025-03-18 18:02:00 | INFO | repo=pv243-a4m36jee-2016-infinispan-seminar | action=commit
2025-12-28 10:00:00 | WARN | repo=pv243-a4m36jee-2016-infinispan-seminar | action=commit
2025-04-23 21:38:00 | DEBUG | repo=pv243-a4m36jee-2016-infinispan-seminar | action=commit
2025-02-12 07:13:00 | WARN | repo=pv243-a4m36jee-2016-infinispan-seminar | action=commit
2025-03-08 08:10:00 | WARN | repo=pv243-a4m36jee-2016-infinispan-seminar | action=commit
2025-10-15 19:02:00 | WARN | repo=pv243-a4m36jee-2016-infinispan-seminar | action=commit
2025-05-24 21:07:00 | WARN | repo=pv243-a4m36jee-2016-infinispan-seminar | action=commit
2025-06-06 13:27:00 | INFO | repo=pv243-a4m36jee-2016-infinispan-seminar | action=commit
2025-05-05 13:27:00 | INFO | repo=pv243-a4m36jee-2016-infinispan-seminar | action=commit
2025-12-09 21:58:00 | DEBUG | repo=pv243-a4m36jee-2016-infinispan-seminar | action=commit
2025-09-28 07:59:00 | DEBUG | repo=pv243-a4m36jee-2016-infinispan-seminar | action=commit
2025-11-22 18:19:00 | INFO | repo=pv243-a4m36jee-2016-infinispan-seminar | action=edit | files=4
2025-05-18 18:11:00 | INFO | repo=pv243-a4m36jee-2016-infinispan-seminar | action=commit
2025-07-28 13:54:00 | DEBUG | repo=pv243-a4m36jee-2016-infinispan-seminar | action=commit
2025-04-09 19:37:00 | DEBUG | repo=pv243-a4m36jee-2016-infinispan-seminar | action=commit
2025-05-10 08:25:00 | DEBUG | repo=pv243-a4m36jee-2016-infinispan-seminar | action=commit
2025-10-01 19:01:00 | WARN | repo=pv243-a4m36jee-2016-infinispan-seminar | action=commit
2025-07-17 18:24:00 | DEBUG | repo=pv243-a4m36jee-2016-infinispan-seminar | action=commit
2025-02-15 19:16:00 | WARN | repo=pv243-a4m36jee-2016-infinispan-seminar | action=commit
2025-03-02 15:22:00 | DEBUG | repo=pv243-a4m36jee-2016-infinispan-seminar | action=commit
2025-12-13 21:14:00 | INFO | repo=pv243-a4m36jee-2016-infinispan-seminar | action=commit
2025-12-17 21:14:00 | INFO | repo=pv243-a4m36jee-2016-infinispan-seminar | action=pull
2025-10-22 09:19:00 | WARN | repo=pv243-a4m36jee-2016-infinispan-seminar | action=commit
2025-03-28 15:48:00 | INFO | repo=pv243-a4m36jee-2016-infinispan-seminar | action=commit
2025-06-17 18:16:00 | INFO | repo=pv243-a4m36jee-2016-infinispan-seminar | action=commit
2025-08-17 11:55:00 | DEBUG | repo=pv243-a4m36jee-2016-infinispan-seminar | action=commit
2025-02-18 12:13:00 | WARN | repo=pv243-a4m36jee-2016-infinispan-seminar | action=commit
2025-11-06 09:52:00 | DEBUG | repo=pv243-a4m36jee-2016-infinispan-seminar | action=commit
2025-03-07 18:05:00 | DEBUG | repo=pv243-a4m36jee-2016-infinispan-seminar | action=commit
2025-08-04 13:49:00 | DEBUG | repo=pv243-a4m36jee-2016-infinispan-seminar | action=commit
2025-01-05 19:11:00 | INFO | repo=pv243-a4m36jee-2016-infinispan-seminar | action=commit
2025-11-14 21:50:00 | DEBUG | repo=pv243-a4m36jee-2016-infinispan-seminar | action=commit
2025-10-21 15:54:00 | DEBUG | repo=pv243-a4m36jee-2016-infinispan-seminar | action=commit
2025-01-10 17:50:00 | WARN | repo=pv243-a4m36jee-2016-infinispan-seminar | action=commit
2025-01-11 21:50:00 | DEBUG | repo=pv243-a4m36jee-2016-infinispan-seminar | action=commit
2025-02-28 13:04:00 | WARN | repo=pv243-a4m36jee-2016-infinispan-seminar | action=commit
2025-08-04 14:54:00 | WARN | repo=pv243-a4m36jee-2016-infinispan-seminar | action=commit
2025-05-26 07:23:00 | INFO | repo=pv243-a4m36jee-2016-infinispan-seminar | action=commit
2025-05-03 16:21:00 | INFO | repo=pv243-a4m36jee-2016-infinispan-seminar | action=commit
2025-11-15 09:25:00 | DEBUG | repo=pv243-a4m36jee-2016-infinispan-seminar | action=commit
2025-04-13 09:10:00 | WARN | repo=pv243-a4m36jee-2016-infinispan-seminar | action=commit
2025-02-19 07:01:00 | WARN | repo=pv243-a4m36jee-2016-infinispan-seminar | action=commit
2025-10-01 17:33:00 | WARN | repo=pv243-a4m36jee-2016-infinispan-seminar | action=commit
2025-07-08 07:30:00 | INFO | repo=pv243-a4m36jee-2016-infinispan-seminar | action=commit
2025-01-16 11:26:00 | INFO | repo=pv243-a4m36jee-2016-infinispan-seminar | action=commit
2025-01-13 08:40:00 | INFO | repo=pv243-a4m36jee-2016-infinispan-seminar | action=commit
2025-12-22 10:52:00 | DEBUG | repo=pv243-a4m36jee-2016-infinispan-seminar | action=commit
2025-08-20 12:54:00 | INFO | repo=pv243-a4m36jee-2016-infinispan-seminar | action=commit
2025-04-03 08:42:00 | WARN | repo=pv243-a4m36jee-2016-infinispan-seminar | action=commit
2025-10-28 07:25:00 | INFO | repo=pv243-a4m36jee-2016-infinispan-seminar | action=commit
2025-01-24 21:41:00 | WARN | repo=pv243-a4m36jee-2016-infinispan-seminar | action=commit
2025-02-15 19:13:00 | WARN | repo=pv243-a4m36jee-2016-infinispan-seminar | action=test | passed=true
2025-05-01 21:34:00 | WARN | repo=pv243-a4m36jee-2016-infinispan-seminar | action=commit
2025-02-23 20:00:00 | WARN | repo=pv243-a4m36jee-2016-infinispan-seminar | action=pull
2025-08-25 07:35:00 | INFO | repo=pv243-a4m36jee-2016-infinispan-seminar | action=commit
2025-02-19 07:42:00 | DEBUG | repo=pv243-a4m36jee-2016-infinispan-seminar | action=commit
2025-06-21 07:47:00 | WARN | repo=pv243-a4m36jee-2016-infinispan-seminar | action=commit
2025-02-25 13:08:00 | WARN | repo=pv243-a4m36jee-2016-infinispan-seminar | action=commit
2025-11-25 21:02:00 | INFO | repo=pv243-a4m36jee-2016-infinispan-seminar | action=commit
2025-04-25 14:32:00 | WARN | repo=pv243-a4m36jee-2016-infinispan-seminar | action=commit
2025-06-18 12:35:00 | DEBUG | repo=pv243-a4m36jee-2016-infinispan-seminar | action=commit
2025-07-21 15:48:00 | INFO | repo=pv243-a4m36jee-2016-infinispan-seminar | action=commit
2025-06-03 16:17:00 | INFO | repo=pv243-a4m36jee-2016-infinispan-seminar | action=edit | files=2
2025-01-22 17:04:00 | WARN | repo=pv243-a4m36jee-2016-infinispan-seminar | action=commit
2025-05-11 08:59:00 | INFO | repo=pv243-a4m36jee-2016-infinispan-seminar | action=pull
2025-03-18 20:30:00 | WARN | repo=pv243-a4m36jee-2016-infinispan-seminar | action=commit
2025-02-02 17:16:00 | INFO | repo=pv243-a4m36jee-2016-infinispan-seminar | action=commit
2025-07-06 18:31:00 | WARN | repo=pv243-a4m36jee-2016-infinispan-seminar | action=commit
2025-07-01 15:59:00 | WARN | repo=pv243-a4m36jee-2016-infinispan-seminar | action=commit
2025-10-21 16:14:00 | DEBUG | repo=pv243-a4m36jee-2016-infinispan-seminar | action=edit | files=3
2025-04-28 11:52:00 | INFO | repo=pv243-a4m36jee-2016-infinispan-seminar | action=commit
2025-01-02 19:55:00 | INFO | repo=pv243-a4m36jee-2016-infinispan-seminar | action=commit
2025-10-06 16:37:00 | DEBUG | repo=pv243-a4m36jee-2016-infinispan-seminar | action=commit
2025-04-22 13:35:00 | INFO | repo=pv243-a4m36jee-2016-infinispan-seminar | action=commit
2025-07-23 14:18:00 | INFO | repo=pv243-a4m36jee-2016-infinispan-seminar | action=commit
2025-12-24 07:55:00 | WARN | repo=pv243-a4m36jee-2016-infinispan-seminar | action=commit
2025-07-27 12:56:00 | WARN | repo=pv243-a4m36jee-2016-infinispan-seminar | action=commit
2025-05-26 17:02:00 | WARN | repo=pv243-a4m36jee-2016-infinispan-seminar | action=commit
2025-06-08 16:36:00 | DEBUG | repo=pv243-a4m36jee-2016-infinispan-seminar | action=commit
2025-05-20 10:04:00 | INFO | repo=pv243-a4m36jee-2016-infinispan-seminar | action=commit
2025-04-20 11:42:00 | INFO | repo=pv243-a4m36jee-2016-infinispan-seminar | action=commit
2025-06-22 08:17:00 | DEBUG | repo=pv243-a4m36jee-2016-infinispan-seminar | action=commit
2025-06-20 08:33:00 | DEBUG | repo=pv243-a4m36jee-2016-infinispan-seminar | action=commit
2025-03-18 17:22:00 | DEBUG | repo=pv243-a4m36jee-2016-infinispan-seminar | action=commit
2025-12-17 13:21:00 | INFO | repo=pv243-a4m36jee-2016-infinispan-seminar | action=commit
2025-05-08 11:26:00 | INFO | repo=pv243-a4m36jee-2016-infinispan-seminar | action=commit
2025-03-18 19:55:00 | INFO | repo=pv243-a4m36jee-2016-infinispan-seminar | action=commit
2025-01-26 08:37:00 | INFO | repo=pv243-a4m36jee-2016-infinispan-seminar | action=commit
2025-11-13 07:36:00 | DEBUG | repo=pv243-a4m36jee-2016-infinispan-seminar | action=commit
2025-12-15 11:48:00 | WARN | repo=pv243-a4m36jee-2016-infinispan-seminar | action=commit
2025-08-03 21:00:00 | DEBUG | repo=pv243-a4m36jee-2016-infinispan-seminar | action=commit
2025-03-23 10:06:00 | WARN | repo=pv243-a4m36jee-2016-infinispan-seminar | action=edit | files=3
2025-06-01 10:29:00 | INFO | repo=pv243-a4m36jee-2016-infinispan-seminar | action=commit
2025-04-13 19:42:00 | INFO | repo=pv243-a4m36jee-2016-infinispan-seminar | action=commit
2025-03-28 18:27:00 | INFO | repo=pv243-a4m36jee-2016-infinispan-seminar | action=pull
2025-01-08 21:31:00 | INFO | repo=pv243-a4m36jee-2016-infinispan-seminar | action=commit
2025-11-22 08:05:00 | INFO | repo=pv243-a4m36jee-2016-infinispan-seminar | action=commit
2025-06-26 08:23:00 | WARN | repo=pv243-a4m36jee-2016-infinispan-seminar | action=commit
2025-05-22 07:32:00 | WARN | repo=pv243-a4m36jee-2016-infinispan-seminar | action=test | passed=true
2025-01-22 16:43:00 | WARN | repo=pv243-a4m36jee-2016-infinispan-seminar | action=test | passed=true
2025-11-24 17:43:00 | DEBUG | repo=pv243-a4m36jee-2016-infinispan-seminar | action=commit
2025-05-05 11:03:00 | DEBUG | repo=pv243-a4m36jee-2016-infinispan-seminar | action=commit
2025-03-09 20:31:00 | WARN | repo=pv243-a4m36jee-2016-infinispan-seminar | action=commit
2025-08-19 07:34:00 | WARN | repo=pv243-a4m36jee-2016-infinispan-seminar | action=pull
2025-06-12 08:10:00 | DEBUG | repo=pv243-a4m36jee-2016-infinispan-seminar | action=commit
2025-03-12 18:01:00 | INFO | repo=pv243-a4m36jee-2016-infinispan-seminar | action=commit
2025-01-08 12:47:00 | INFO | repo=pv243-a4m36jee-2016-infinispan-seminar | action=commit
2025-09-02 07:35:00 | WARN | repo=pv243-a4m36jee-2016-infinispan-seminar | action=commit
2025-03-08 11:47:00 | INFO | repo=pv243-a4m36jee-2016-infinispan-seminar | action=commit
2025-05-24 19:18:00 | WARN | repo=pv243-a4m36jee-2016-infinispan-seminar | action=commit
2025-04-22 20:21:00 | WARN | repo=pv243-a4m36jee-2016-infinispan-seminar | action=commit
2025-03-16 12:59:00 | DEBUG | repo=pv243-a4m36jee-2016-infinispan-seminar | action=commit
2025-06-05 17:21:00 | INFO | repo=pv243-a4m36jee-2016-infinispan-seminar | action=commit
